
+----------------------------+
| Real-space lattice vectors |
+----------------------------+

vector a1 :    3.373160000       3.373160000       0.000000000    
vector a2 :    3.373160000       0.000000000       3.373160000    
vector a3 :    0.000000000       3.373160000       3.373160000    

Stored column-wise as a matrix :
   3.373160000       3.373160000       0.000000000    
   3.373160000       0.000000000       3.373160000    
   0.000000000       3.373160000       3.373160000    

Inverse of matrix :
  0.1482289604      0.1482289604     -0.1482289604    
  0.1482289604     -0.1482289604      0.1482289604    
 -0.1482289604      0.1482289604      0.1482289604    

Unit cell volume :    76.76103480    


+----------------------------------+
| Reciprocal-space lattice vectors |
+----------------------------------+

vector b1 :   0.9313500260      0.9313500260     -0.9313500260    
vector b2 :   0.9313500260     -0.9313500260      0.9313500260    
vector b3 :  -0.9313500260      0.9313500260      0.9313500260    

Stored column-wise as a matrix :
  0.9313500260      0.9313500260     -0.9313500260    
  0.9313500260     -0.9313500260      0.9313500260    
 -0.9313500260      0.9313500260      0.9313500260    

Inverse of matrix :
  0.5368550878      0.5368550878     -0.9527260712E-17
  0.5368550878     -0.9527260712E-17  0.5368550878    
 -0.9527260712E-17  0.5368550878      0.5368550878    

Brillouin zone volume :    3.231459999    
